// Jest Snapshot v1, https://goo.gl/fbAQLP

exports[`BasicModal component renders without crashing 1`] = `
<div>
  <button
    onClick={[Function]}
  >
    <p>
      New
    </p>
    <svg
      fill="currentColor"
      height={25}
      stroke="currentColor"
      strokeWidth="0"
      style={
        Object {
          "color": undefined,
        }
      }
      viewBox="0 0 24 24"
      width={25}
      xmlns="http://www.w3.org/2000/svg"
    >
      <path
        d="M0 0h24v24H0z"
        fill="none"
      />
      <path
        d="M19 13h-6v6h-2v-6H5v-2h6V5h2v6h6v2z"
      />
    </svg>
  </button>
</div>
`;
