// Jest Snapshot v1, https://goo.gl/fbAQLP

exports[`JobForm component renders without crashing 1`] = `null`;
